{"user_id": "test01", "searched_name": "", "searched_date": "2023-08-06", "searched_genre": "\ubba4\uc9c0\uceec"}
{"user_id": "test01", "searched_name": "", "searched_date": "2023-08-19", "searched_genre": "\ubba4\uc9c0\uceec"}
{"user_id": "test01", "searched_name": "", "searched_date": "2023-08-12", "searched_genre": "\ubba4\uc9c0\uceec"}
{"user_id": "test01", "searched_name": "", "searched_date": "2023-08-05", "searched_genre": ""}
{"user_id": "test01", "searched_name": "", "searched_date": "", "searched_genre": ""}
{"user_id": "test01", "searched_name": "", "searched_date": "2023-08-11", "searched_genre": "\ubba4\uc9c0\uceec"}
{"user_id": "test01", "searched_name": "", "searched_date": "2023-08-03", "searched_genre": "\ubba4\uc9c0\uceec"}
{"user_id": "test01", "searched_name": "", "searched_date": "2023-08-03", "searched_genre": "\ubba4\uc9c0\uceec"}
{"user_id": "test01", "searched_name": "", "searched_date": "2023-09-06", "searched_genre": "\ubba4\uc9c0\uceec"}
{"user_id": "test01", "searched_name": "", "searched_date": "2023-09-06", "searched_genre": "\ubba4\uc9c0\uceec"}
{"user_id": "test01", "searched_name": "", "searched_date": "2023-08-05", "searched_genre": ""}
{"user_id": "test01", "searched_name": "", "searched_date": "2023-08-05", "searched_genre": ""}
{"user_id": "test01", "searched_name": "", "searched_date": "2023-08-12", "searched_genre": ""}
{"user_id": "test01", "searched_name": "", "searched_date": "2023-08-12", "searched_genre": ""}
{"user_id": "test01", "searched_name": "", "searched_date": "2023-08-05", "searched_genre": ""}
{"user_id": "test01", "searched_name": "", "searched_date": "2023-08-05", "searched_genre": ""}
{"user_id": "test01", "searched_name": "", "searched_date": "2023-08-12", "searched_genre": ""}
{"user_id": "test01", "searched_name": "", "searched_date": "2023-08-12", "searched_genre": ""}
{"user_id": "test01", "searched_name": "", "searched_date": "2023-08-05", "searched_genre": ""}
{"user_id": "test01", "searched_name": "", "searched_date": "2023-08-05", "searched_genre": ""}
{"user_id": "test01", "searched_name": "", "searched_date": "2023-08-19", "searched_genre": ""}
{"user_id": "test01", "searched_name": "", "searched_date": "2023-08-19", "searched_genre": ""}
{"user_id": "test01", "searched_name": "", "searched_date": "2023-08-04", "searched_genre": "\ubba4\uc9c0\uceec"}
{"user_id": "test01", "searched_name": "", "searched_date": "2023-08-04", "searched_genre": "\ubba4\uc9c0\uceec"}
{"user_id": "test01", "searched_name": "", "searched_date": "2023-08-04", "searched_genre": ""}
{"user_id": "test01", "searched_name": "", "searched_date": "2023-08-04", "searched_genre": ""}
{"user_id": "test01", "searched_name": "", "searched_date": "2023-08-13", "searched_genre": ""}
{"user_id": "test01", "searched_name": "", "searched_date": "2023-08-13", "searched_genre": ""}
{"user_id": "test01", "searched_name": "", "searched_date": "2023-08-18", "searched_genre": "\ubba4\uc9c0\uceec"}
{"user_id": "test01", "searched_name": "", "searched_date": "2023-08-18", "searched_genre": "\ubba4\uc9c0\uceec"}
{"user_id": "test01", "searched_name": "", "searched_date": "2023-08-12", "searched_genre": ""}
{"user_id": "test01", "searched_name": "", "searched_date": "2023-08-12", "searched_genre": ""}
{"user_id": "test01", "searched_name": "", "searched_date": "2023-08-11", "searched_genre": ""}
{"user_id": "test01", "searched_name": "", "searched_date": "2023-08-05", "searched_genre": "\ubba4\uc9c0\uceec"}
{"user_id": "test01", "searched_name": "", "searched_date": "", "searched_genre": "\uc74c\uc545"}
{"user_id": "test01", "searched_name": "", "searched_date": "", "searched_genre": "\uc74c\uc545"}
{"user_id": "test01", "searched_name": "", "searched_date": "", "searched_genre": "\uc11c\uc591"}
{"user_id": "test01", "searched_name": "", "searched_date": "", "searched_genre": "\ubcf5\ud569"}
{"user_id": "test01", "searched_name": "", "searched_date": "", "searched_genre": "\uc11c\uc591 \uc74c\uc545"}
{"user_id": "test01", "searched_name": "", "searched_date": "", "searched_genre": "\ubc1c\ub808"}
{"user_id": "test01", "searched_name": "", "searched_date": "", "searched_genre": "\uc11c\ucee4\uc2a4"}
{"user_id": "test01", "searched_name": "", "searched_date": "2023-08-08", "searched_genre": "\ubc1c\ub808"}
{"user_id": "test01", "searched_name": "", "searched_date": "", "searched_genre": "\uc11c\uc591 \uc74c\uc545"}
{"user_id": "test01", "searched_name": "", "searched_date": "2023-08-04", "searched_genre": "\ubc1c\ub808"}
{"user_id": "test01", "searched_name": "", "searched_date": "2023-08-11", "searched_genre": "\uc74c\uc545"}
{"user_id": "test01", "searched_name": "", "searched_date": "2023-08-17", "searched_genre": "\uc74c\uc545"}
{"user_id": "test01", "searched_name": "", "searched_date": "2023-08-25", "searched_genre": "\uc11c\uc591"}
{"user_id": "test01", "page": "search", "searched_name": "", "searched_date": "2023-08-25", "searched_genre": "\uc11c\uc591"}
{"user_id": "", "page": "search", "searched_name": "", "searched_date": "", "searched_genre": ""}
{"user_id": "", "page": "search", "searched_name": "", "searched_date": "2023-08-12", "searched_genre": ""}
{"user_id": "", "user_age": "", "user_gender": "", "page": "search", "searched_name": "", "searched_date": "2023-08-10", "searched_genre": ""}
{"user_id": "", "user_age": "", "user_gender": "", "page": "searchpage", "searched_name": "", "searched_date": "2023-08-10", "searched_genre": ""}
{"user_id": "", "user_age": "", "user_gender": "", "page": "searchpage", "searched_name": "", "searched_date": "2023-08-10", "searched_genre": ""}
{"user_id": "test01", "user_age": "", "user_gender": "", "page": "searchpage", "searched_name": "", "searched_date": "", "searched_genre": ""}
{"user_id": "test01", "user_age": "", "user_gender": "", "page": "searchpage", "searched_name": "", "searched_date": "", "searched_genre": "\ubba4\uc9c0\uceec"}
{"user_id": "test01", "user_age": "", "user_gender": "", "page": "searchpage", "searched_name": "", "searched_date": "2023-08-10", "searched_genre": ""}
{"user_id": "test01", "user_age": "", "user_gender": "", "page": "searchpage", "searched_name": "", "searched_date": "", "searched_genre": ""}
{"user_id": "wkdwjddbs200", "user_age": "", "user_gender": "", "page": "searchpage", "searched_name": "", "searched_date": null, "searched_genre": []}
{"user_id": "wkdwjddbs200", "user_age": "", "user_gender": "", "page": "searchpage", "searched_name": "", "searched_date": null, "searched_genre": []}
{"user_id": "wkdwjddbs200", "user_age": "", "user_gender": "", "page": "searchpage", "searched_name": "", "searched_date": "None", "searched_genre": []}
{"user_id": "wkdwjddbs200", "user_age": "", "user_gender": "", "page": "searchpage", "searched_name": "", "searched_date": "2023-09-02", "searched_genre": []}
